// Jest Snapshot v1, https://goo.gl/fbAQLP

exports[`Global style component global parses nested objects and responsive properties 1`] = `
<head>
  <style
    data-emotion="css-global"
    data-s=""
  >
    
    h2{font-size:24px;}
  </style>
  <style
    data-emotion="css-global"
    data-s=""
  >
    
    @media screen and (min-width: 450px){h2{font-size:28px;}}
  </style>
  <style
    data-emotion="css-global"
    data-s=""
  >
    
    a{-webkit-text-decoration:none;text-decoration:none;}
  </style>
</head>
`;

exports[`global correctly parses nested objects and responsive properties 1`] = `
<head>
  <style
    data-emotion="css-global"
    data-s=""
  >
    
    h2{font-size:24px;}
  </style>
  <style
    data-emotion="css-global"
    data-s=""
  >
    
    @media screen and (min-width: 450px){h2{font-size:28px;}}
  </style>
  <style
    data-emotion="css-global"
    data-s=""
  >
    
    a{-webkit-text-decoration:none;text-decoration:none;}
  </style>
</head>
`;
